Archive member included because of file (symbol)

/usr/bin/../lib/gcc/arm-none-eabi/4.9.3/../../../../arm-none-eabi/lib/armv7-m/libg.a(lib_a-memset.o)
                              build/obj/syscalls.o (memset)

Discarded input sections

 .text          0x0000000000000000        0x0 build/obj/crt0.o
 .data          0x0000000000000000        0x0 build/obj/crt0.o
 .bss           0x0000000000000000        0x0 build/obj/crt0.o
 .text.__early_init
                0x0000000000000000       0x10 build/obj/crt0.o
 .text          0x0000000000000000        0x0 build/obj/vectors.o
 .data          0x0000000000000000        0x0 build/obj/vectors.o
 .bss           0x0000000000000000        0x0 build/obj/vectors.o
 .text          0x0000000000000000        0x0 build/obj/chcore.o
 .data          0x0000000000000000        0x0 build/obj/chcore.o
 .bss           0x0000000000000000        0x0 build/obj/chcore.o
 .text          0x0000000000000000        0x0 build/obj/chcore_v7m.o
 .data          0x0000000000000000        0x0 build/obj/chcore_v7m.o
 .bss           0x0000000000000000        0x0 build/obj/chcore_v7m.o
 .text          0x0000000000000000        0x0 build/obj/nvic.o
 .data          0x0000000000000000        0x0 build/obj/nvic.o
 .bss           0x0000000000000000        0x0 build/obj/nvic.o
 .text.nvicDisableVector
                0x0000000000000000       0x40 build/obj/nvic.o
 .text          0x0000000000000000        0x0 build/obj/chsys.o
 .data          0x0000000000000000        0x0 build/obj/chsys.o
 .bss           0x0000000000000000        0x0 build/obj/chsys.o
 .text          0x0000000000000000        0x0 build/obj/chdebug.o
 .data          0x0000000000000000        0x0 build/obj/chdebug.o
 .bss           0x0000000000000000        0x0 build/obj/chdebug.o
 .debug_info    0x0000000000000000       0x79 build/obj/chdebug.o
 .debug_abbrev  0x0000000000000000       0x26 build/obj/chdebug.o
 .debug_aranges
                0x0000000000000000       0x18 build/obj/chdebug.o
 .debug_line    0x0000000000000000       0x1d build/obj/chdebug.o
 .debug_str     0x0000000000000000      0x230 build/obj/chdebug.o
 .comment       0x0000000000000000       0x71 build/obj/chdebug.o
 .ARM.attributes
                0x0000000000000000       0x33 build/obj/chdebug.o
 .text          0x0000000000000000        0x0 build/obj/chlists.o
 .data          0x0000000000000000        0x0 build/obj/chlists.o
 .bss           0x0000000000000000        0x0 build/obj/chlists.o
 .debug_info    0x0000000000000000       0x79 build/obj/chlists.o
 .debug_abbrev  0x0000000000000000       0x26 build/obj/chlists.o
 .debug_aranges
                0x0000000000000000       0x18 build/obj/chlists.o
 .debug_line    0x0000000000000000       0x1d build/obj/chlists.o
 .debug_str     0x0000000000000000      0x230 build/obj/chlists.o
 .comment       0x0000000000000000       0x71 build/obj/chlists.o
 .ARM.attributes
                0x0000000000000000       0x33 build/obj/chlists.o
 .text          0x0000000000000000        0x0 build/obj/chvt.o
 .data          0x0000000000000000        0x0 build/obj/chvt.o
 .bss           0x0000000000000000        0x0 build/obj/chvt.o
 .text          0x0000000000000000        0x0 build/obj/chschd.o
 .data          0x0000000000000000        0x0 build/obj/chschd.o
 .bss           0x0000000000000000        0x0 build/obj/chschd.o
 .text.chSchRescheduleS
                0x0000000000000000       0x20 build/obj/chschd.o
 .text          0x0000000000000000        0x0 build/obj/chthreads.o
 .data          0x0000000000000000        0x0 build/obj/chthreads.o
 .bss           0x0000000000000000        0x0 build/obj/chthreads.o
 .text.chThdCreateI
                0x0000000000000000       0x80 build/obj/chthreads.o
 .text.chThdSetPriority
                0x0000000000000000       0x30 build/obj/chthreads.o
 .text.chThdResume
                0x0000000000000000       0x20 build/obj/chthreads.o
 .text.chThdTerminate
                0x0000000000000000       0x20 build/obj/chthreads.o
 .text.chThdSleepUntil
                0x0000000000000000       0x30 build/obj/chthreads.o
 .text.chThdYield
                0x0000000000000000       0x30 build/obj/chthreads.o
 .text.chThdWait
                0x0000000000000000       0x40 build/obj/chthreads.o
 .text          0x0000000000000000        0x0 build/obj/chdynamic.o
 .data          0x0000000000000000        0x0 build/obj/chdynamic.o
 .bss           0x0000000000000000        0x0 build/obj/chdynamic.o
 .text.chThdAddRef
                0x0000000000000000       0x20 build/obj/chdynamic.o
 .text.chThdRelease
                0x0000000000000000       0x50 build/obj/chdynamic.o
 .text.chThdCreateFromHeap
                0x0000000000000000       0x40 build/obj/chdynamic.o
 .text.chThdCreateFromMemoryPool
                0x0000000000000000       0x50 build/obj/chdynamic.o
 .debug_info    0x0000000000000000      0x88c build/obj/chdynamic.o
 .debug_abbrev  0x0000000000000000      0x232 build/obj/chdynamic.o
[...]
Memory Configuration

Name             Origin             Length             Attributes
flash            0x0000000008000000 0x0000000000020000
ram              0x0000000020000000 0x0000000000002000
*default*        0x0000000000000000 0xffffffffffffffff

Linker script and memory map

LOAD build/obj/crt0.o
LOAD build/obj/vectors.o
LOAD build/obj/chcore.o
LOAD build/obj/chcore_v7m.o
LOAD build/obj/nvic.o
LOAD build/obj/chsys.o
LOAD build/obj/chdebug.o
LOAD build/obj/chlists.o
LOAD build/obj/chvt.o
LOAD build/obj/chschd.o
LOAD build/obj/chthreads.o
LOAD build/obj/chdynamic.o
LOAD build/obj/chregistry.o
LOAD build/obj/chsem.o
LOAD build/obj/chmtx.o
LOAD build/obj/chcond.o
LOAD build/obj/chevents.o
LOAD build/obj/chmsg.o
LOAD build/obj/chmboxes.o
LOAD build/obj/chqueues.o
LOAD build/obj/chmemcore.o
LOAD build/obj/chheap.o
LOAD build/obj/chmempools.o
LOAD build/obj/test.o
LOAD build/obj/testthd.o
LOAD build/obj/testsem.o
LOAD build/obj/testmtx.o
LOAD build/obj/testmsg.o
LOAD build/obj/testmbox.o
LOAD build/obj/testevt.o
LOAD build/obj/testheap.o
LOAD build/obj/testpools.o
LOAD build/obj/testdyn.o
LOAD build/obj/testqueues.o
LOAD build/obj/testbmk.o
LOAD build/obj/hal.o
LOAD build/obj/adc.o
LOAD build/obj/can.o
LOAD build/obj/ext.o
LOAD build/obj/gpt.o
LOAD build/obj/i2c.o
LOAD build/obj/icu.o
LOAD build/obj/mac.o
LOAD build/obj/mmc_spi.o
LOAD build/obj/mmcsd.o
LOAD build/obj/pal.o
LOAD build/obj/pwm.o
LOAD build/obj/rtc.o
LOAD build/obj/sdc.o
LOAD build/obj/serial.o
LOAD build/obj/serial_usb.o
LOAD build/obj/spi.o
LOAD build/obj/tm.o
LOAD build/obj/uart.o
LOAD build/obj/usb.o
LOAD build/obj/stm32_dma.o
LOAD build/obj/hal_lld.o
LOAD build/obj/adc_lld.o
LOAD build/obj/ext_lld_isr.o
LOAD build/obj/can_lld.o
LOAD build/obj/ext_lld.o
LOAD build/obj/mac_lld.o
LOAD build/obj/sdc_lld.o
LOAD build/obj/pal_lld.o
LOAD build/obj/i2c_lld.o
LOAD build/obj/rtc_lld.o
LOAD build/obj/spi_lld.o
LOAD build/obj/gpt_lld.o
LOAD build/obj/icu_lld.o
LOAD build/obj/pwm_lld.o
LOAD build/obj/serial_lld.o
LOAD build/obj/uart_lld.o
LOAD build/obj/usb_lld.o
LOAD build/obj/board.o
LOAD build/obj/evtimer.o
LOAD build/obj/syscalls.o
LOAD build/obj/main.o
                0x0000000000000400                __main_stack_size__ = 0x400
                0x0000000000000400                __process_stack_size__ = 0x400
                0x0000000020000000                __ram_start__ = ORIGIN (ram)
                0x0000000000002000                __ram_size__ = 0x2000
                0x0000000020002000                __ram_end__ = (__ram_start__ + __ram_size__)
                0x0000000000000000                . = 0x0
                0x0000000000000000                _text = .

startup         0x0000000008000000       0xf8
 *(vectors)
 vectors        0x0000000008000000       0xf8 build/obj/vectors.o
                0x0000000008000000                _vectors

constructors    0x00000000080000f8        0x0
                0x00000000080000f8                PROVIDE (__init_array_start, .)
 *(SORT(.init_array.*))
 *(.init_array)
                0x00000000080000f8                PROVIDE (__init_array_end, .)

destructors     0x00000000080000f8        0x0
                0x00000000080000f8                PROVIDE (__fini_array_start, .)
 *(.fini_array)
 *(SORT(.fini_array.*))
                0x00000000080000f8                PROVIDE (__fini_array_end, .)

.text           0x0000000008000100     0x124c
 *(.text.startup.*)
 .text.startup.main
                0x0000000008000100       0x90 build/obj/main.o
                0x0000000008000100                main
 *(.text)
 *(.text.*)
 .text.__late_init
                0x0000000008000190       0x10 build/obj/crt0.o
                0x0000000008000190                __late_init
 .text._default_exit
                0x00000000080001a0       0x10 build/obj/crt0.o
                0x00000000080001a0                _default_exit
 .text.ResetHandler
                0x00000000080001b0      0x110 build/obj/crt0.o
                0x00000000080001b0                ResetHandler
 .text._unhandled_exception
                0x00000000080002c0       0x10 build/obj/vectors.o
                0x00000000080002c0                Vector58
                0x00000000080002c0                VectorE8
                0x00000000080002c0                Vector9C
                0x00000000080002c0                VectorAC
                0x00000000080002c0                Vector5C
                0x00000000080002c0                NMIVector
                0x00000000080002c0                Vector8C
                0x00000000080002c0                VectorDC
                0x00000000080002c0                VectorC8
                0x00000000080002c0                Vector94
                0x00000000080002c0                VectorA8
                0x00000000080002c0                VectorB4
                0x00000000080002c0                VectorEC
                0x00000000080002c0                UsageFaultVector
                0x00000000080002c0                DebugMonitorVector
                0x00000000080002c0                Vector40
                0x00000000080002c0                VectorBC
                0x00000000080002c0                PendSVVector
                0x00000000080002c0                Vector64
                0x00000000080002c0                VectorCC
                0x00000000080002c0                Vector54
                0x00000000080002c0                Vector98
                0x00000000080002c0                VectorD8
                0x00000000080002c0                Vector24
                0x00000000080002c0                BusFaultVector
                0x00000000080002c0                VectorD0
                0x00000000080002c0                VectorE4
                0x00000000080002c0                VectorC0
                0x00000000080002c0                HardFaultVector
                0x00000000080002c0                VectorF0
                0x00000000080002c0                VectorE0
                0x00000000080002c0                VectorF4
                0x00000000080002c0                MemManageVector
                0x00000000080002c0                VectorA0
                0x00000000080002c0                VectorC4
                0x00000000080002c0                VectorB0
                0x00000000080002c0                Vector90
                0x00000000080002c0                Vector60
                0x00000000080002c0                Vector1C
                0x00000000080002c0                Vector48
                0x00000000080002c0                VectorD4
                0x00000000080002c0                Vector4C
                0x00000000080002c0                Vector68
                0x00000000080002c0                _unhandled_exception
                0x00000000080002c0                Vector88
                0x00000000080002c0                Vector50
                0x00000000080002c0                Vector44
                0x00000000080002c0                Vector28
                0x00000000080002c0                VectorB8
                0x00000000080002c0                Vector34
                0x00000000080002c0                VectorA4
                0x00000000080002c0                Vector20
 .text.port_halt
                0x00000000080002d0       0x10 build/obj/chcore.o
                0x00000000080002d0                port_halt
 .text._port_switch_from_isr
                0x00000000080002e0       0x10 build/obj/chcore_v7m.o
                0x00000000080002e0                _port_switch_from_isr
 .text.SVCallVector
                0x00000000080002f0       0x20 build/obj/chcore_v7m.o
                0x00000000080002f0                SVCallVector
 .text._port_init
                0x0000000008000310       0x30 build/obj/chcore_v7m.o
                0x0000000008000310                _port_init
 .text._port_irq_epilogue
                0x0000000008000340       0x80 build/obj/chcore_v7m.o
                0x0000000008000340                _port_irq_epilogue
 .text.SysTickVector
                0x00000000080003c0       0x20 build/obj/chcore_v7m.o
                0x00000000080003c0                SysTickVector
 .text._port_switch
                0x00000000080003e0       0x10 build/obj/chcore_v7m.o
                0x00000000080003e0                _port_switch
 .text._port_thread_start
                0x00000000080003f0       0x10 build/obj/chcore_v7m.o
                0x00000000080003f0                _port_thread_start
 .text.nvicEnableVector
                0x0000000008000400       0x50 build/obj/nvic.o
                0x0000000008000400                nvicEnableVector
 .text.nvicSetSystemHandlerPriority
                0x0000000008000450       0x30 build/obj/nvic.o
                0x0000000008000450                nvicSetSystemHandlerPriority
 .text._idle_thread
                0x0000000008000480       0x20 build/obj/chsys.o
                0x0000000008000480                _idle_thread
 .text.chSysInit
                0x00000000080004a0       0x60 build/obj/chsys.o
                0x00000000080004a0                chSysInit
 .text.chSysTimerHandlerI
                0x0000000008000500       0x60 build/obj/chsys.o
                0x0000000008000500                chSysTimerHandlerI
 .text._vt_init
                0x0000000008000560       0x20 build/obj/chvt.o
                0x0000000008000560                _vt_init
 .text.chVTSetI
                0x0000000008000580       0x40 build/obj/chvt.o
                0x0000000008000580                chVTSetI
 .text.chVTResetI
                0x00000000080005c0       0x30 build/obj/chvt.o
                0x00000000080005c0                chVTResetI
 .text.wakeup   0x00000000080005f0       0x70 build/obj/chschd.o
 .text._scheduler_init
                0x0000000008000660       0x20 build/obj/chschd.o
                0x0000000008000660                _scheduler_init
 .text.chSchReadyI
                0x0000000008000680       0x30 build/obj/chschd.o
                0x0000000008000680                chSchReadyI
 .text.chSchGoSleepS
                0x00000000080006b0       0x30 build/obj/chschd.o
                0x00000000080006b0                chSchGoSleepS
 .text.chSchGoSleepTimeoutS
                0x00000000080006e0       0x50 build/obj/chschd.o
                0x00000000080006e0                chSchGoSleepTimeoutS
 .text.chSchWakeupS
                0x0000000008000730       0x60 build/obj/chschd.o
                0x0000000008000730                chSchWakeupS
 .text.chSchDoRescheduleBehind
                0x0000000008000790       0x50 build/obj/chschd.o
                0x0000000008000790                chSchDoRescheduleBehind
 .text.chSchDoRescheduleAhead
                0x00000000080007e0       0x40 build/obj/chschd.o
                0x00000000080007e0                chSchDoRescheduleAhead
 .text.chSchDoReschedule
                0x0000000008000820       0x20 build/obj/chschd.o
                0x0000000008000820                chSchDoReschedule
 .text._thread_init
                0x0000000008000840       0x50 build/obj/chthreads.o
                0x0000000008000840                _thread_init
 .text.chThdCreateStatic
                0x0000000008000890       0x90 build/obj/chthreads.o
                0x0000000008000890                chThdCreateStatic
 .text.chThdSleep
                0x0000000008000920       0x20 build/obj/chthreads.o
                0x0000000008000920                chThdSleep
 .text.chThdExitS
                0x0000000008000940       0x40 build/obj/chthreads.o
                0x0000000008000940                chThdExitS
 .text.chThdExit
                0x0000000008000980       0x10 build/obj/chthreads.o
                0x0000000008000980                chThdExit
 .text.chMtxInit
                0x0000000008000990       0x10 build/obj/chmtx.o
                0x0000000008000990                chMtxInit
 .text._core_init
                0x00000000080009a0       0x30 build/obj/chmemcore.o
                0x00000000080009a0                _core_init
 .text.chCoreAlloc
                0x00000000080009d0       0x40 build/obj/chmemcore.o
                0x00000000080009d0                chCoreAlloc
 .text._heap_init
                0x0000000008000a10       0x20 build/obj/chheap.o
                0x0000000008000a10                _heap_init
 .text.halInit  0x0000000008000a30       0x20 build/obj/hal.o
                0x0000000008000a30                halInit
 .text.adcInit  0x0000000008000a50       0x10 build/obj/adc.o
                0x0000000008000a50                adcInit
 .text.adcObjectInit
                0x0000000008000a60       0x20 build/obj/adc.o
                0x0000000008000a60                adcObjectInit
 .text.spiInit  0x0000000008000a80       0x10 build/obj/spi.o
                0x0000000008000a80                spiInit
 .text.spiObjectInit
                0x0000000008000a90       0x10 build/obj/spi.o
                0x0000000008000a90                spiObjectInit
 .text.spiStart
                0x0000000008000aa0       0x20 build/obj/spi.o
                0x0000000008000aa0                spiStart
 .text.Vector6C
                0x0000000008000ac0       0x30 build/obj/stm32_dma.o
                0x0000000008000ac0                Vector6C
 .text.Vector70
                0x0000000008000af0       0x30 build/obj/stm32_dma.o
                0x0000000008000af0                Vector70
 .text.Vector74
                0x0000000008000b20       0x30 build/obj/stm32_dma.o
                0x0000000008000b20                Vector74
 .text.Vector78
                0x0000000008000b50       0x30 build/obj/stm32_dma.o
                0x0000000008000b50                Vector78
 .text.Vector7C
                0x0000000008000b80       0x30 build/obj/stm32_dma.o
                0x0000000008000b80                Vector7C
 .text.Vector80
                0x0000000008000bb0       0x30 build/obj/stm32_dma.o
                0x0000000008000bb0                Vector80
 .text.Vector84
                0x0000000008000be0       0x30 build/obj/stm32_dma.o
                0x0000000008000be0                Vector84
 .text.dmaInit  0x0000000008000c10       0x40 build/obj/stm32_dma.o
                0x0000000008000c10                dmaInit
 .text.dmaStreamAllocate
                0x0000000008000c50       0x70 build/obj/stm32_dma.o
                0x0000000008000c50                dmaStreamAllocate
 .text.hal_lld_init
                0x0000000008000cc0       0x70 build/obj/hal_lld.o
                0x0000000008000cc0                hal_lld_init
 .text.stm32_clock_init
                0x0000000008000d30       0x90 build/obj/hal_lld.o
                0x0000000008000d30                stm32_clock_init
 .text.adc_lld_init
                0x0000000008000dc0       0x70 build/obj/adc_lld.o
                0x0000000008000dc0                adc_lld_init
 .text._pal_lld_init
                0x0000000008000e30       0x70 build/obj/pal_lld.o
                0x0000000008000e30                _pal_lld_init
 .text._pal_lld_setgroupmode
                0x0000000008000ea0       0x70 build/obj/pal_lld.o
                0x0000000008000ea0                _pal_lld_setgroupmode
 .text.spi_lld_serve_tx_interrupt
                0x0000000008000f10       0x10 build/obj/spi_lld.o
 .text.spi_lld_serve_rx_interrupt
                0x0000000008000f20       0x80 build/obj/spi_lld.o
 .text.spi_lld_init
                0x0000000008000fa0       0x40 build/obj/spi_lld.o
                0x0000000008000fa0                spi_lld_init
 .text.spi_lld_start
                0x0000000008000fe0       0xa0 build/obj/spi_lld.o
                0x0000000008000fe0                spi_lld_start
 .text.spi_lld_select
                0x0000000008001080       0x10 build/obj/spi_lld.o
                0x0000000008001080                spi_lld_select
 .text.spi_lld_unselect
                0x0000000008001090       0x10 build/obj/spi_lld.o
                0x0000000008001090                spi_lld_unselect
 .text.spi_lld_send
                0x00000000080010a0       0x40 build/obj/spi_lld.o
                0x00000000080010a0                spi_lld_send
 .text.__early_init
                0x00000000080010e0       0x10 build/obj/board.o
                0x00000000080010e0                __early_init
 .text.boardInit
                0x00000000080010f0       0x10 build/obj/board.o
                0x00000000080010f0                boardInit
 .text.Thread1  0x0000000008001100       0x40 build/obj/main.o
 .text.spicb    0x0000000008001140       0x20 build/obj/main.o
 .text.write_digit
                0x0000000008001160       0x80 build/obj/main.o
                0x0000000008001160                write_digit
 .text.SegThread1
                0x00000000080011e0       0x40 build/obj/main.o
 *(.rodata)
 *(.rodata.*)
 .rodata.str1.4
                0x0000000008001220        0x5 build/obj/chsys.o
                                          0x8 (size before relaxing)
 *fill*         0x0000000008001225        0xb 
 .rodata.ch_debug
                0x0000000008001230       0x18 build/obj/chregistry.o
                0x0000000008001230                ch_debug
 *fill*         0x0000000008001248        0x8 
 .rodata._stm32_dma_streams
                0x0000000008001250       0x54 build/obj/stm32_dma.o
                0x0000000008001250                _stm32_dma_streams
 *fill*         0x00000000080012a4        0xc 
 .rodata.cfgtab.6185
                0x00000000080012b0       0x14 build/obj/pal_lld.o
 *fill*         0x00000000080012c4        0xc 
 .rodata.pal_default_config
                0x00000000080012d0       0x3c build/obj/board.o
                0x00000000080012d0                pal_default_config
 *fill*         0x000000000800130c        0x4 
 .rodata.number_seg_bytes
                0x0000000008001310        0xc build/obj/main.o
                0x0000000008001310                number_seg_bytes
 *fill*         0x000000000800131c        0x4 
 .rodata.str1.4
                0x0000000008001320       0x14 build/obj/main.o
 *fill*         0x0000000008001334        0xc 
 .rodata.spicfg
                0x0000000008001340        0xc build/obj/main.o
 *(.glue_7t)
 .glue_7t       0x0000000000000000        0x0 linker stubs
 *(.glue_7)
 .glue_7        0x0000000000000000        0x0 linker stubs
 *(.gcc*)

.vfp11_veneer   0x000000000800134c        0x0
 .vfp11_veneer  0x0000000000000000        0x0 linker stubs

.v4_bx          0x000000000800134c        0x0
 .v4_bx         0x0000000000000000        0x0 linker stubs

.iplt           0x000000000800134c        0x0
 .iplt          0x0000000000000000        0x0 build/obj/crt0.o

.rel.dyn        0x000000000800134c        0x0
 .rel.iplt      0x0000000000000000        0x0 build/obj/crt0.o

.ARM.extab
 *(.ARM.extab* .gnu.linkonce.armextab.*)

.ARM.exidx      0x000000000800134c        0x0
                0x000000000800134c                PROVIDE (__exidx_start, .)
 *(.ARM.exidx* .gnu.linkonce.armexidx.*)
                0x000000000800134c                PROVIDE (__exidx_end, .)

.eh_frame_hdr
 *(.eh_frame_hdr)

.eh_frame
 *(.eh_frame)

.textalign      0x000000000800134c        0x4
                0x0000000008001350                . = ALIGN (0x8)
 *fill*         0x000000000800134c        0x4 
                0x0000000008001350                . = ALIGN (0x4)
                0x0000000008001350                _etext = .
                0x0000000008001350                _textdata = _etext

.stacks         0x0000000020000000      0x800
                0x0000000020000000                . = ALIGN (0x8)
                0x0000000020000000                __main_stack_base__ = .
                0x0000000020000400                . = (. + __main_stack_size__)
 *fill*         0x0000000020000000      0x400 
                0x0000000020000400                . = ALIGN (0x8)
                0x0000000020000400                __main_stack_end__ = .
                0x0000000020000400                __process_stack_base__ = .
                0x0000000020000400                __main_thread_stack_base__ = .
                0x0000000020000800                . = (. + __process_stack_size__)
 *fill*         0x0000000020000400      0x400 
                0x0000000020000800                . = ALIGN (0x8)
                0x0000000020000800                __process_stack_end__ = .
                0x0000000020000800                __main_thread_stack_end__ = .

.data           0x0000000020000800        0x0 load address 0x0000000008001350
                0x0000000020000800                . = ALIGN (0x4)
                0x0000000020000800                PROVIDE (_data, .)
 *(.data)
                0x0000000020000800                . = ALIGN (0x4)
 *(.data.*)
                0x0000000020000800                . = ALIGN (0x4)
 *(.ramtext)
                0x0000000020000800                . = ALIGN (0x4)
                0x0000000020000800                PROVIDE (_edata, .)

.igot.plt       0x0000000020000800        0x0 load address 0x0000000008001350
 .igot.plt      0x0000000000000000        0x0 build/obj/crt0.o

.bss            0x0000000020000800      0x408 load address 0x0000000008001350
                0x0000000020000800                . = ALIGN (0x4)
                0x0000000020000800                PROVIDE (_bss_start, .)
 *(.bss)
                0x0000000020000800                . = ALIGN (0x4)
 *(.bss.*)
 .bss.mainthread.4812
                0x0000000020000800       0x48 build/obj/chsys.o
 .bss._idle_thread_wa
                0x0000000020000848       0xe0 build/obj/chsys.o
                0x0000000020000848                _idle_thread_wa
 .bss.vtlist    0x0000000020000928       0x10 build/obj/chvt.o
                0x0000000020000928                vtlist
 .bss.rlist     0x0000000020000938       0x1c build/obj/chschd.o
                0x0000000020000938                rlist
 .bss.endmem    0x0000000020000954        0x4 build/obj/chmemcore.o
 .bss.nextmem   0x0000000020000958        0x4 build/obj/chmemcore.o
 *fill*         0x000000002000095c        0x4 
 .bss.default_heap
                0x0000000020000960       0x20 build/obj/chheap.o
 .bss.dma_isr_redir
                0x0000000020000980       0x38 build/obj/stm32_dma.o
 .bss.dma_streams_mask
                0x00000000200009b8        0x4 build/obj/stm32_dma.o
 .bss.ADCD1     0x00000000200009bc       0x34 build/obj/adc_lld.o
                0x00000000200009bc                ADCD1
 .bss.dummytx   0x00000000200009f0        0x2 build/obj/spi_lld.o
 *fill*         0x00000000200009f2        0x2 
 .bss.SPID1     0x00000000200009f4       0x30 build/obj/spi_lld.o
                0x00000000200009f4                SPID1
 .bss.dummyrx   0x0000000020000a24        0x2 build/obj/spi_lld.o
 *fill*         0x0000000020000a26        0x2 
 .bss.waThread1
                0x0000000020000a28       0xf0 build/obj/main.o
 .bss.waSegThread1
                0x0000000020000b18       0xf0 build/obj/main.o
                0x0000000020000c08                . = ALIGN (0x4)
 *(COMMON)
                0x0000000020000c08                . = ALIGN (0x4)
                0x0000000020000c08                PROVIDE (_bss_end, .)
                0x0000000020000c08                PROVIDE (end, .)
                0x0000000020000c08                _end = .
                0x0000000020000c08                __heap_base__ = _end
                0x0000000020002000                __heap_end__ = __ram_end__
START GROUP
LOAD /usr/bin/../lib/gcc/arm-none-eabi/4.9.3/armv7-m/libgcc.a
LOAD /usr/bin/../lib/gcc/arm-none-eabi/4.9.3/../../../../arm-none-eabi/lib/armv7-m/libg.a
LOAD /usr/bin/../lib/gcc/arm-none-eabi/4.9.3/../../../../arm-none-eabi/lib/armv7-m/libc.a
END GROUP
OUTPUT(build/ch.elf elf32-littlearm)

.debug_info     0x0000000000000000     0xa051
 .debug_info    0x0000000000000000      0x2b3 build/obj/crt0.o
 .debug_info    0x00000000000002b3      0x1cc build/obj/vectors.o
 .debug_info    0x000000000000047f       0x92 build/obj/chcore.o
 .debug_info    0x0000000000000511      0x81a build/obj/chcore_v7m.o
 .debug_info    0x0000000000000d2b      0x406 build/obj/nvic.o
 .debug_info    0x0000000000001131      0x827 build/obj/chsys.o
 .debug_info    0x0000000000001958      0x205 build/obj/chvt.o
 .debug_info    0x0000000000001b5d      0x9e8 build/obj/chschd.o
 .debug_info    0x0000000000002545      0xbea build/obj/chthreads.o
 .debug_info    0x000000000000312f      0x625 build/obj/chregistry.o
 .debug_info    0x0000000000003754      0x9f4 build/obj/chmtx.o
 .debug_info    0x0000000000004148      0x21f build/obj/chmemcore.o
 .debug_info    0x0000000000004367      0x6fa build/obj/chheap.o
 .debug_info    0x0000000000004a61      0x33d build/obj/hal.o
 .debug_info    0x0000000000004d9e      0xdca build/obj/adc.o
 .debug_info    0x0000000000005b68     0x1056 build/obj/spi.o
 .debug_info    0x0000000000006bbe      0x698 build/obj/stm32_dma.o
 .debug_info    0x0000000000007256      0x3ac build/obj/hal_lld.o
 .debug_info    0x0000000000007602      0xbf3 build/obj/adc_lld.o
 .debug_info    0x00000000000081f5      0x395 build/obj/pal_lld.o
 .debug_info    0x000000000000858a      0xc4b build/obj/spi_lld.o
 .debug_info    0x00000000000091d5      0x193 build/obj/board.o
 .debug_info    0x0000000000009368      0xce9 build/obj/main.o

.debug_abbrev   0x0000000000000000     0x2b04
 .debug_abbrev  0x0000000000000000       0xfd build/obj/crt0.o
 .debug_abbrev  0x00000000000000fd       0xaf build/obj/vectors.o
 .debug_abbrev  0x00000000000001ac       0x42 build/obj/chcore.o
 .debug_abbrev  0x00000000000001ee      0x216 build/obj/chcore_v7m.o
 .debug_abbrev  0x0000000000000404      0x10e build/obj/nvic.o
 .debug_abbrev  0x0000000000000512      0x20e build/obj/chsys.o
 .debug_abbrev  0x0000000000000720      0x108 build/obj/chvt.o
 .debug_abbrev  0x0000000000000828      0x317 build/obj/chschd.o
 .debug_abbrev  0x0000000000000b3f      0x335 build/obj/chthreads.o
 .debug_abbrev  0x0000000000000e74      0x185 build/obj/chregistry.o
 .debug_abbrev  0x0000000000000ff9      0x303 build/obj/chmtx.o
 .debug_abbrev  0x00000000000012fc      0x15b build/obj/chmemcore.o
 .debug_abbrev  0x0000000000001457      0x1e7 build/obj/chheap.o
 .debug_abbrev  0x000000000000163e      0x1c8 build/obj/hal.o
 .debug_abbrev  0x0000000000001806      0x2f7 build/obj/adc.o
 .debug_abbrev  0x0000000000001afd      0x269 build/obj/spi.o
 .debug_abbrev  0x0000000000001d66      0x1f6 build/obj/stm32_dma.o
 .debug_abbrev  0x0000000000001f5c      0x119 build/obj/hal_lld.o
 .debug_abbrev  0x0000000000002075      0x2d1 build/obj/adc_lld.o
 .debug_abbrev  0x0000000000002346      0x12a build/obj/pal_lld.o
 .debug_abbrev  0x0000000000002470      0x2f7 build/obj/spi_lld.o
 .debug_abbrev  0x0000000000002767       0xe3 build/obj/board.o
 .debug_abbrev  0x000000000000284a      0x2ba build/obj/main.o

.debug_loc      0x0000000000000000     0x247f
 .debug_loc     0x0000000000000000       0xba build/obj/crt0.o
 .debug_loc     0x00000000000000ba       0x5a build/obj/chcore_v7m.o
 .debug_loc     0x0000000000000114      0x158 build/obj/nvic.o
 .debug_loc     0x000000000000026c       0x31 build/obj/chsys.o
 .debug_loc     0x000000000000029d       0x86 build/obj/chvt.o
 .debug_loc     0x0000000000000323      0x2f8 build/obj/chschd.o
 .debug_loc     0x000000000000061b      0x423 build/obj/chthreads.o
 .debug_loc     0x0000000000000a3e       0x3f build/obj/chregistry.o
 .debug_loc     0x0000000000000a7d      0x41a build/obj/chmtx.o
 .debug_loc     0x0000000000000e97       0xb0 build/obj/chmemcore.o
 .debug_loc     0x0000000000000f47      0x3a1 build/obj/chheap.o
 .debug_loc     0x00000000000012e8       0x87 build/obj/hal.o
 .debug_loc     0x000000000000136f      0x3e6 build/obj/adc.o
 .debug_loc     0x0000000000001755      0x468 build/obj/spi.o
 .debug_loc     0x0000000000001bbd      0x1a8 build/obj/stm32_dma.o
 .debug_loc     0x0000000000001d65      0x2f1 build/obj/adc_lld.o
 .debug_loc     0x0000000000002056       0xf0 build/obj/pal_lld.o
 .debug_loc     0x0000000000002146      0x254 build/obj/spi_lld.o
 .debug_loc     0x000000000000239a       0xe5 build/obj/main.o

.debug_aranges  0x0000000000000000      0x648
 .debug_aranges
                0x0000000000000000       0x38 build/obj/crt0.o
 .debug_aranges
                0x0000000000000038       0x20 build/obj/vectors.o
 .debug_aranges
                0x0000000000000058       0x20 build/obj/chcore.o
 .debug_aranges
                0x0000000000000078       0x50 build/obj/chcore_v7m.o
 .debug_aranges
                0x00000000000000c8       0x30 build/obj/nvic.o
 .debug_aranges
                0x00000000000000f8       0x30 build/obj/chsys.o
 .debug_aranges
                0x0000000000000128       0x30 build/obj/chvt.o
 .debug_aranges
                0x0000000000000158       0x68 build/obj/chschd.o
 .debug_aranges
                0x00000000000001c0       0x78 build/obj/chthreads.o
 .debug_aranges
                0x0000000000000238       0x28 build/obj/chregistry.o
 .debug_aranges
                0x0000000000000260       0x58 build/obj/chmtx.o
 .debug_aranges
                0x00000000000002b8       0x38 build/obj/chmemcore.o
 .debug_aranges
                0x00000000000002f0       0x40 build/obj/chheap.o
 .debug_aranges
                0x0000000000000330       0x30 build/obj/hal.o
 .debug_aranges
                0x0000000000000360       0x70 build/obj/adc.o
 .debug_aranges
                0x00000000000003d0       0x98 build/obj/spi.o
 .debug_aranges
                0x0000000000000468       0x68 build/obj/stm32_dma.o
 .debug_aranges
                0x00000000000004d0       0x28 build/obj/hal_lld.o
 .debug_aranges
                0x00000000000004f8       0x48 build/obj/adc_lld.o
 .debug_aranges
                0x0000000000000540       0x28 build/obj/pal_lld.o
 .debug_aranges
                0x0000000000000568       0x78 build/obj/spi_lld.o
 .debug_aranges
                0x00000000000005e0       0x28 build/obj/board.o
 .debug_aranges
                0x0000000000000608       0x40 build/obj/main.o

.debug_ranges   0x0000000000000000      0xa40
 .debug_ranges  0x0000000000000000       0x58 build/obj/crt0.o
 .debug_ranges  0x0000000000000058       0x10 build/obj/vectors.o
 .debug_ranges  0x0000000000000068       0x10 build/obj/chcore.o
 .debug_ranges  0x0000000000000078       0x58 build/obj/chcore_v7m.o
 .debug_ranges  0x00000000000000d0       0x20 build/obj/nvic.o
 .debug_ranges  0x00000000000000f0       0x38 build/obj/chsys.o
 .debug_ranges  0x0000000000000128       0x20 build/obj/chvt.o
 .debug_ranges  0x0000000000000148      0x178 build/obj/chschd.o
 .debug_ranges  0x00000000000002c0      0x140 build/obj/chthreads.o
 .debug_ranges  0x0000000000000400       0x30 build/obj/chregistry.o
 .debug_ranges  0x0000000000000430      0x1a0 build/obj/chmtx.o
 .debug_ranges  0x00000000000005d0       0x28 build/obj/chmemcore.o
 .debug_ranges  0x00000000000005f8       0x30 build/obj/chheap.o
 .debug_ranges  0x0000000000000628       0x38 build/obj/hal.o
 .debug_ranges  0x0000000000000660       0xf0 build/obj/adc.o
 .debug_ranges  0x0000000000000750      0x100 build/obj/spi.o
 .debug_ranges  0x0000000000000850       0x58 build/obj/stm32_dma.o
 .debug_ranges  0x00000000000008a8       0x30 build/obj/hal_lld.o
 .debug_ranges  0x00000000000008d8       0x88 build/obj/adc_lld.o
 .debug_ranges  0x0000000000000960       0x18 build/obj/pal_lld.o
 .debug_ranges  0x0000000000000978       0x68 build/obj/spi_lld.o
 .debug_ranges  0x00000000000009e0       0x18 build/obj/board.o
 .debug_ranges  0x00000000000009f8       0x48 build/obj/main.o

.debug_line     0x0000000000000000     0x3e61
 .debug_line    0x0000000000000000      0x146 build/obj/crt0.o
 .debug_line    0x0000000000000146       0xe9 build/obj/vectors.o
 .debug_line    0x000000000000022f       0x80 build/obj/chcore.o
 .debug_line    0x00000000000002af      0x257 build/obj/chcore_v7m.o
 .debug_line    0x0000000000000506      0x11c build/obj/nvic.o
 .debug_line    0x0000000000000622      0x251 build/obj/chsys.o
 .debug_line    0x0000000000000873      0x1a8 build/obj/chvt.o
 .debug_line    0x0000000000000a1b      0x39a build/obj/chschd.o
 .debug_line    0x0000000000000db5      0x3fc build/obj/chthreads.o
 .debug_line    0x00000000000011b1      0x21e build/obj/chregistry.o
 .debug_line    0x00000000000013cf      0x39c build/obj/chmtx.o
 .debug_line    0x000000000000176b      0x159 build/obj/chmemcore.o
 .debug_line    0x00000000000018c4      0x2c3 build/obj/chheap.o
 .debug_line    0x0000000000001b87      0x376 build/obj/hal.o
 .debug_line    0x0000000000001efd      0x413 build/obj/adc.o
 .debug_line    0x0000000000002310      0x4c3 build/obj/spi.o
 .debug_line    0x00000000000027d3      0x322 build/obj/stm32_dma.o
 .debug_line    0x0000000000002af5      0x227 build/obj/hal_lld.o
 .debug_line    0x0000000000002d1c      0x41d build/obj/adc_lld.o
 .debug_line    0x0000000000003139      0x206 build/obj/pal_lld.o
 .debug_line    0x000000000000333f      0x4ea build/obj/spi_lld.o
 .debug_line    0x0000000000003829      0x1ff build/obj/board.o
 .debug_line    0x0000000000003a28      0x439 build/obj/main.o

.debug_str      0x0000000000000000     0x1f03
 .debug_str     0x0000000000000000      0x305 build/obj/crt0.o
                                        0x34a (size before relaxing)
 .debug_str     0x0000000000000305      0x1e5 build/obj/vectors.o
                                        0x377 (size before relaxing)
 .debug_str     0x00000000000004ea       0x55 build/obj/chcore.o
                                        0x23f (size before relaxing)
 .debug_str     0x000000000000053f      0x314 build/obj/chcore_v7m.o
                                        0x533 (size before relaxing)
 .debug_str     0x0000000000000853       0xc6 build/obj/nvic.o
                                        0x33d (size before relaxing)
 .debug_str     0x0000000000000919      0x231 build/obj/chsys.o
                                        0x621 (size before relaxing)
 .debug_str     0x0000000000000b4a       0x5e build/obj/chvt.o
                                        0x2ca (size before relaxing)
 .debug_str     0x0000000000000ba8       0xfd build/obj/chschd.o
                                        0x540 (size before relaxing)
 .debug_str     0x0000000000000ca5       0xfb build/obj/chthreads.o
                                        0x5ab (size before relaxing)
 .debug_str     0x0000000000000da0       0x6a build/obj/chregistry.o
                                        0x539 (size before relaxing)
 .debug_str     0x0000000000000e0a       0xb9 build/obj/chmtx.o
                                        0x4b9 (size before relaxing)
 .debug_str     0x0000000000000ec3       0x98 build/obj/chmemcore.o
                                        0x2bf (size before relaxing)
 .debug_str     0x0000000000000f5b       0xdb build/obj/chheap.o
                                        0x4b4 (size before relaxing)
 .debug_str     0x0000000000001036      0x156 build/obj/hal.o
                                        0x37b (size before relaxing)
 .debug_str     0x000000000000118c      0x313 build/obj/adc.o
                                        0x76c (size before relaxing)
 .debug_str     0x000000000000149f      0x2c6 build/obj/spi.o
                                        0x759 (size before relaxing)
 .debug_str     0x0000000000001765      0x420 build/obj/stm32_dma.o
                                        0x728 (size before relaxing)
 .debug_str     0x0000000000001b85       0xe7 build/obj/hal_lld.o
                                        0x3c8 (size before relaxing)
 .debug_str     0x0000000000001c6c       0x84 build/obj/adc_lld.o
                                        0x74a (size before relaxing)
 .debug_str     0x0000000000001cf0       0x89 build/obj/pal_lld.o
                                        0x38d (size before relaxing)
 .debug_str     0x0000000000001d79       0xbf build/obj/spi_lld.o
                                        0x775 (size before relaxing)
 .debug_str     0x0000000000001e38       0x52 build/obj/board.o
                                        0x2ea (size before relaxing)
 .debug_str     0x0000000000001e8a       0x79 build/obj/main.o
                                        0x6f2 (size before relaxing)

.comment        0x0000000000000000       0x70
 .comment       0x0000000000000000       0x70 build/obj/crt0.o
                                         0x71 (size before relaxing)
 .comment       0x0000000000000000       0x71 build/obj/vectors.o
 .comment       0x0000000000000000       0x71 build/obj/chcore.o
 .comment       0x0000000000000000       0x71 build/obj/chcore_v7m.o
 .comment       0x0000000000000000       0x71 build/obj/nvic.o
 .comment       0x0000000000000000       0x71 build/obj/chsys.o
 .comment       0x0000000000000000       0x71 build/obj/chvt.o
 .comment       0x0000000000000000       0x71 build/obj/chschd.o
 .comment       0x0000000000000000       0x71 build/obj/chthreads.o
 .comment       0x0000000000000000       0x71 build/obj/chregistry.o
 .comment       0x0000000000000000       0x71 build/obj/chmtx.o
 .comment       0x0000000000000000       0x71 build/obj/chmemcore.o
 .comment       0x0000000000000000       0x71 build/obj/chheap.o
 .comment       0x0000000000000000       0x71 build/obj/hal.o
 .comment       0x0000000000000000       0x71 build/obj/adc.o
 .comment       0x0000000000000000       0x71 build/obj/spi.o
 .comment       0x0000000000000000       0x71 build/obj/stm32_dma.o
 .comment       0x0000000000000000       0x71 build/obj/hal_lld.o
 .comment       0x0000000000000000       0x71 build/obj/adc_lld.o
 .comment       0x0000000000000000       0x71 build/obj/pal_lld.o
 .comment       0x0000000000000000       0x71 build/obj/spi_lld.o
 .comment       0x0000000000000000       0x71 build/obj/board.o
 .comment       0x0000000000000000       0x71 build/obj/main.o

.ARM.attributes
                0x0000000000000000       0x33
 .ARM.attributes
                0x0000000000000000       0x33 build/obj/crt0.o
 .ARM.attributes
                0x0000000000000033       0x33 build/obj/vectors.o
 .ARM.attributes
                0x0000000000000066       0x33 build/obj/chcore.o
 .ARM.attributes
                0x0000000000000099       0x33 build/obj/chcore_v7m.o
 .ARM.attributes
                0x00000000000000cc       0x33 build/obj/nvic.o
 .ARM.attributes
                0x00000000000000ff       0x33 build/obj/chsys.o
 .ARM.attributes
                0x0000000000000132       0x33 build/obj/chvt.o
 .ARM.attributes
                0x0000000000000165       0x33 build/obj/chschd.o
 .ARM.attributes
                0x0000000000000198       0x33 build/obj/chthreads.o
 .ARM.attributes
                0x00000000000001cb       0x33 build/obj/chregistry.o
 .ARM.attributes
                0x00000000000001fe       0x33 build/obj/chmtx.o
 .ARM.attributes
                0x0000000000000231       0x33 build/obj/chmemcore.o
 .ARM.attributes
                0x0000000000000264       0x33 build/obj/chheap.o
 .ARM.attributes
                0x0000000000000297       0x33 build/obj/hal.o
 .ARM.attributes
                0x00000000000002ca       0x33 build/obj/adc.o
 .ARM.attributes
                0x00000000000002fd       0x33 build/obj/spi.o
 .ARM.attributes
                0x0000000000000330       0x33 build/obj/stm32_dma.o
 .ARM.attributes
                0x0000000000000363       0x33 build/obj/hal_lld.o
 .ARM.attributes
                0x0000000000000396       0x33 build/obj/adc_lld.o
 .ARM.attributes
                0x00000000000003c9       0x33 build/obj/pal_lld.o
 .ARM.attributes
                0x00000000000003fc       0x33 build/obj/spi_lld.o
 .ARM.attributes
                0x000000000000042f       0x33 build/obj/board.o
 .ARM.attributes
                0x0000000000000462       0x33 build/obj/main.o

.debug_frame    0x0000000000000000     0x1030
 .debug_frame   0x0000000000000000       0x50 build/obj/crt0.o
 .debug_frame   0x0000000000000050       0x20 build/obj/vectors.o
 .debug_frame   0x0000000000000070       0x20 build/obj/chcore.o
 .debug_frame   0x0000000000000090       0xa0 build/obj/chcore_v7m.o
 .debug_frame   0x0000000000000130       0x74 build/obj/nvic.o
 .debug_frame   0x00000000000001a4       0x5c build/obj/chsys.o
 .debug_frame   0x0000000000000200       0x4c build/obj/chvt.o
 .debug_frame   0x000000000000024c      0x16c build/obj/chschd.o
 .debug_frame   0x00000000000003b8      0x194 build/obj/chthreads.o
 .debug_frame   0x000000000000054c       0x3c build/obj/chregistry.o
 .debug_frame   0x0000000000000588       0xf4 build/obj/chmtx.o
 .debug_frame   0x000000000000067c       0x68 build/obj/chmemcore.o
 .debug_frame   0x00000000000006e4       0xb4 build/obj/chheap.o
 .debug_frame   0x0000000000000798       0x50 build/obj/hal.o
 .debug_frame   0x00000000000007e8      0x128 build/obj/adc.o
 .debug_frame   0x0000000000000910      0x1a8 build/obj/spi.o
 .debug_frame   0x0000000000000ab8      0x15c build/obj/stm32_dma.o
 .debug_frame   0x0000000000000c14       0x58 build/obj/hal_lld.o
 .debug_frame   0x0000000000000c6c      0x118 build/obj/adc_lld.o
 .debug_frame   0x0000000000000d84       0x5c build/obj/pal_lld.o
 .debug_frame   0x0000000000000de0      0x174 build/obj/spi_lld.o
 .debug_frame   0x0000000000000f54       0x30 build/obj/board.o
 .debug_frame   0x0000000000000f84       0xac build/obj/main.o

Cross Reference Table

Symbol                                            File
ADCD1                                             build/obj/adc_lld.o
BusFaultVector                                    build/obj/vectors.o
DebugMonitorVector                                build/obj/vectors.o
HardFaultVector                                   build/obj/vectors.o
MemManageVector                                   build/obj/vectors.o
NMIVector                                         build/obj/vectors.o
PendSVVector                                      build/obj/vectors.o
ResetHandler                                      build/obj/crt0.o
                                                  build/obj/vectors.o
SPID1                                             build/obj/spi_lld.o
                                                  build/obj/main.o
SVCallVector                                      build/obj/chcore_v7m.o
                                                  build/obj/vectors.o
SysTickVector                                     build/obj/chcore_v7m.o
                                                  build/obj/vectors.o
TestThread                                        build/obj/test.o
UsageFaultVector                                  build/obj/vectors.o
Vector1C                                          build/obj/vectors.o
Vector20                                          build/obj/vectors.o
Vector24                                          build/obj/vectors.o
Vector28                                          build/obj/vectors.o
Vector34                                          build/obj/vectors.o
Vector40                                          build/obj/vectors.o
Vector44                                          build/obj/vectors.o
Vector48                                          build/obj/vectors.o
Vector4C                                          build/obj/vectors.o
Vector50                                          build/obj/vectors.o
Vector54                                          build/obj/vectors.o
Vector58                                          build/obj/vectors.o
Vector5C                                          build/obj/vectors.o
Vector60                                          build/obj/vectors.o
Vector64                                          build/obj/vectors.o
Vector68                                          build/obj/vectors.o
Vector6C                                          build/obj/stm32_dma.o
                                                  build/obj/vectors.o
Vector70                                          build/obj/stm32_dma.o
                                                  build/obj/vectors.o
Vector74                                          build/obj/stm32_dma.o
                                                  build/obj/vectors.o
Vector78                                          build/obj/stm32_dma.o
                                                  build/obj/vectors.o
Vector7C                                          build/obj/stm32_dma.o
                                                  build/obj/vectors.o
Vector80                                          build/obj/stm32_dma.o
                                                  build/obj/vectors.o
Vector84                                          build/obj/stm32_dma.o
                                                  build/obj/vectors.o
Vector88                                          build/obj/vectors.o
Vector8C                                          build/obj/vectors.o
Vector90                                          build/obj/vectors.o
Vector94                                          build/obj/vectors.o
Vector98                                          build/obj/vectors.o
Vector9C                                          build/obj/vectors.o
VectorA0                                          build/obj/vectors.o
VectorA4                                          build/obj/vectors.o
VectorA8                                          build/obj/vectors.o
VectorAC                                          build/obj/vectors.o
VectorB0                                          build/obj/vectors.o
VectorB4                                          build/obj/vectors.o
VectorB8                                          build/obj/vectors.o
VectorBC                                          build/obj/vectors.o
VectorC0                                          build/obj/vectors.o
VectorC4                                          build/obj/vectors.o
VectorC8                                          build/obj/vectors.o
VectorCC                                          build/obj/vectors.o
VectorD0                                          build/obj/vectors.o
VectorD4                                          build/obj/vectors.o
VectorD8                                          build/obj/vectors.o
VectorDC                                          build/obj/vectors.o
VectorE0                                          build/obj/vectors.o
VectorE4                                          build/obj/vectors.o
VectorE8                                          build/obj/vectors.o
VectorEC                                          build/obj/vectors.o
VectorF0                                          build/obj/vectors.o
VectorF4                                          build/obj/vectors.o
__early_init                                      build/obj/board.o
                                                  build/obj/crt0.o
__fini_array_end                                  build/obj/crt0.o
__fini_array_start                                build/obj/crt0.o
__heap_base__                                     build/obj/chmemcore.o
__heap_end__                                      build/obj/chmemcore.o
__init_array_end                                  build/obj/crt0.o
__init_array_start                                build/obj/crt0.o
__late_init                                       build/obj/crt0.o
__main_stack_base__                               build/obj/crt0.o
__main_stack_end__                                build/obj/vectors.o
                                                  build/obj/crt0.o
__process_stack_base__                            build/obj/crt0.o
__process_stack_end__                             build/obj/crt0.o
_bss_end                                          build/obj/crt0.o
_bss_start                                        build/obj/crt0.o
_close_r                                          build/obj/syscalls.o
_core_init                                        build/obj/chmemcore.o
                                                  build/obj/chsys.o
_data                                             build/obj/crt0.o
_default_exit                                     build/obj/crt0.o
_edata                                            build/obj/crt0.o
_fstat_r                                          build/obj/syscalls.o
_heap_init                                        build/obj/chheap.o
                                                  build/obj/chsys.o
_idle_thread                                      build/obj/chsys.o
_idle_thread_wa                                   build/obj/chsys.o
_isatty_r                                         build/obj/syscalls.o
_lseek_r                                          build/obj/syscalls.o
_pal_lld_init                                     build/obj/pal_lld.o
                                                  build/obj/hal.o
_pal_lld_setgroupmode                             build/obj/pal_lld.o
                                                  build/obj/main.o
                                                  build/obj/pal.o
_port_init                                        build/obj/chcore_v7m.o
                                                  build/obj/chsys.o
_port_irq_epilogue                                build/obj/chcore_v7m.o
                                                  build/obj/stm32_dma.o
_port_switch                                      build/obj/chcore_v7m.o
                                                  build/obj/chschd.o
_port_switch_from_isr                             build/obj/chcore_v7m.o
_port_thread_start                                build/obj/chcore_v7m.o
                                                  build/obj/chthreads.o
_read_r                                           build/obj/syscalls.o
_sbrk_r                                           build/obj/syscalls.o
_scheduler_init                                   build/obj/chschd.o
                                                  build/obj/chsys.o
_stm32_dma_streams                                build/obj/stm32_dma.o
                                                  build/obj/spi_lld.o
                                                  build/obj/adc_lld.o
_test_assert                                      build/obj/test.o
                                                  build/obj/testqueues.o
                                                  build/obj/testdyn.o
                                                  build/obj/testpools.o
                                                  build/obj/testheap.o
                                                  build/obj/testevt.o
                                                  build/obj/testmbox.o
                                                  build/obj/testmtx.o
                                                  build/obj/testsem.o
                                                  build/obj/testthd.o
_test_assert_sequence                             build/obj/test.o
                                                  build/obj/testqueues.o
                                                  build/obj/testdyn.o
                                                  build/obj/testevt.o
                                                  build/obj/testmbox.o
                                                  build/obj/testmsg.o
                                                  build/obj/testmtx.o
                                                  build/obj/testsem.o
                                                  build/obj/testthd.o
_test_assert_time_window                          build/obj/test.o
                                                  build/obj/testevt.o
                                                  build/obj/testmtx.o
                                                  build/obj/testsem.o
                                                  build/obj/testthd.o
_test_fail                                        build/obj/test.o
_textdata                                         build/obj/crt0.o
_thread_init                                      build/obj/chthreads.o
                                                  build/obj/chsys.o
_unhandled_exception                              build/obj/vectors.o
_vectors                                          build/obj/vectors.o
_vt_init                                          build/obj/chvt.o
                                                  build/obj/chsys.o
_write_r                                          build/obj/syscalls.o
adcAcquireBus                                     build/obj/adc.o
adcConvert                                        build/obj/adc.o
adcInit                                           build/obj/adc.o
                                                  build/obj/hal.o
adcObjectInit                                     build/obj/adc.o
                                                  build/obj/adc_lld.o
adcReleaseBus                                     build/obj/adc.o
adcStart                                          build/obj/adc.o
adcStartConversion                                build/obj/adc.o
adcStartConversionI                               build/obj/adc.o
adcStop                                           build/obj/adc.o
adcStopConversion                                 build/obj/adc.o
adcStopConversionI                                build/obj/adc.o
adc_lld_init                                      build/obj/adc_lld.o
                                                  build/obj/adc.o
adc_lld_start                                     build/obj/adc_lld.o
                                                  build/obj/adc.o
adc_lld_start_conversion                          build/obj/adc_lld.o
                                                  build/obj/adc.o
adc_lld_stop                                      build/obj/adc_lld.o
                                                  build/obj/adc.o
adc_lld_stop_conversion                           build/obj/adc_lld.o
                                                  build/obj/adc.o
boardInit                                         build/obj/board.o
                                                  build/obj/hal.o
chCondBroadcast                                   build/obj/chcond.o
                                                  build/obj/testmtx.o
chCondBroadcastI                                  build/obj/chcond.o
chCondInit                                        build/obj/chcond.o
                                                  build/obj/testmtx.o
chCondSignal                                      build/obj/chcond.o
                                                  build/obj/testmtx.o
chCondSignalI                                     build/obj/chcond.o
                                                  build/obj/testmtx.o
chCondWait                                        build/obj/chcond.o
                                                  build/obj/testmtx.o
chCondWaitS                                       build/obj/chcond.o
chCondWaitTimeout                                 build/obj/chcond.o
                                                  build/obj/testmtx.o
chCondWaitTimeoutS                                build/obj/chcond.o
chCoreAlloc                                       build/obj/chmemcore.o
                                                  build/obj/syscalls.o
                                                  build/obj/chheap.o
chCoreAllocI                                      build/obj/chmemcore.o
chCoreStatus                                      build/obj/chmemcore.o
                                                  build/obj/testheap.o
chEvtAddEvents                                    build/obj/chevents.o
                                                  build/obj/testevt.o
chEvtBroadcastFlags                               build/obj/chevents.o
                                                  build/obj/testevt.o
chEvtBroadcastFlagsI                              build/obj/chevents.o
                                                  build/obj/evtimer.o
chEvtDispatch                                     build/obj/chevents.o
                                                  build/obj/testevt.o
chEvtGetAndClearEvents                            build/obj/chevents.o
                                                  build/obj/testevt.o
chEvtGetAndClearFlags                             build/obj/chevents.o
chEvtGetAndClearFlagsI                            build/obj/chevents.o
chEvtRegisterMask                                 build/obj/chevents.o
                                                  build/obj/testevt.o
chEvtSignal                                       build/obj/chevents.o
                                                  build/obj/testevt.o
chEvtSignalI                                      build/obj/chevents.o
chEvtUnregister                                   build/obj/chevents.o
                                                  build/obj/testevt.o
chEvtWaitAll                                      build/obj/chevents.o
                                                  build/obj/testevt.o
chEvtWaitAllTimeout                               build/obj/chevents.o
                                                  build/obj/testevt.o
chEvtWaitAny                                      build/obj/chevents.o
                                                  build/obj/testevt.o
chEvtWaitAnyTimeout                               build/obj/chevents.o
                                                  build/obj/testevt.o
chEvtWaitOne                                      build/obj/chevents.o
                                                  build/obj/testevt.o
chEvtWaitOneTimeout                               build/obj/chevents.o
                                                  build/obj/testevt.o
chHeapAlloc                                       build/obj/chheap.o
                                                  build/obj/testdyn.o
                                                  build/obj/testheap.o
                                                  build/obj/chdynamic.o
chHeapFree                                        build/obj/chheap.o
                                                  build/obj/testdyn.o
                                                  build/obj/testheap.o
                                                  build/obj/chdynamic.o
chHeapInit                                        build/obj/chheap.o
                                                  build/obj/testdyn.o
                                                  build/obj/testheap.o
chHeapStatus                                      build/obj/chheap.o
                                                  build/obj/testdyn.o
                                                  build/obj/testheap.o
chIQGetTimeout                                    build/obj/chqueues.o
                                                  build/obj/testbmk.o
                                                  build/obj/testqueues.o
chIQInit                                          build/obj/chqueues.o
                                                  build/obj/testbmk.o
                                                  build/obj/testqueues.o
chIQPutI                                          build/obj/chqueues.o
                                                  build/obj/testbmk.o
                                                  build/obj/testqueues.o
chIQReadTimeout                                   build/obj/chqueues.o
                                                  build/obj/testqueues.o
chIQResetI                                        build/obj/chqueues.o
                                                  build/obj/testqueues.o
chMBFetch                                         build/obj/chmboxes.o
                                                  build/obj/testmbox.o
chMBFetchI                                        build/obj/chmboxes.o
                                                  build/obj/testmbox.o
chMBFetchS                                        build/obj/chmboxes.o
chMBInit                                          build/obj/chmboxes.o
                                                  build/obj/testmbox.o
chMBPost                                          build/obj/chmboxes.o
                                                  build/obj/testmbox.o
chMBPostAhead                                     build/obj/chmboxes.o
                                                  build/obj/testmbox.o
chMBPostAheadI                                    build/obj/chmboxes.o
                                                  build/obj/testmbox.o
chMBPostAheadS                                    build/obj/chmboxes.o
chMBPostI                                         build/obj/chmboxes.o
                                                  build/obj/testmbox.o
chMBPostS                                         build/obj/chmboxes.o
chMBReset                                         build/obj/chmboxes.o
                                                  build/obj/testmbox.o
chMsgRelease                                      build/obj/chmsg.o
                                                  build/obj/testbmk.o
                                                  build/obj/testmsg.o
chMsgSend                                         build/obj/chmsg.o
                                                  build/obj/testbmk.o
                                                  build/obj/testmsg.o
chMsgWait                                         build/obj/chmsg.o
                                                  build/obj/testbmk.o
                                                  build/obj/testmsg.o
chMtxInit                                         build/obj/chmtx.o
                                                  build/obj/spi.o
                                                  build/obj/adc.o
                                                  build/obj/testbmk.o
                                                  build/obj/testmtx.o
                                                  build/obj/chheap.o
chMtxLock                                         build/obj/chmtx.o
                                                  build/obj/spi.o
                                                  build/obj/adc.o
                                                  build/obj/testbmk.o
                                                  build/obj/testmtx.o
                                                  build/obj/chheap.o
chMtxLockS                                        build/obj/chmtx.o
                                                  build/obj/chcond.o
chMtxTryLock                                      build/obj/chmtx.o
                                                  build/obj/testmtx.o
chMtxTryLockS                                     build/obj/chmtx.o
chMtxUnlock                                       build/obj/chmtx.o
                                                  build/obj/spi.o
                                                  build/obj/adc.o
                                                  build/obj/testbmk.o
                                                  build/obj/testmtx.o
                                                  build/obj/chheap.o
chMtxUnlockAll                                    build/obj/chmtx.o
                                                  build/obj/testmtx.o
chMtxUnlockS                                      build/obj/chmtx.o
                                                  build/obj/testmtx.o
                                                  build/obj/chcond.o
chOQGetI                                          build/obj/chqueues.o
                                                  build/obj/testqueues.o
chOQInit                                          build/obj/chqueues.o
                                                  build/obj/testqueues.o
chOQPutTimeout                                    build/obj/chqueues.o
                                                  build/obj/testqueues.o
chOQResetI                                        build/obj/chqueues.o
                                                  build/obj/testqueues.o
chOQWriteTimeout                                  build/obj/chqueues.o
                                                  build/obj/testqueues.o
chPoolAlloc                                       build/obj/chmempools.o
                                                  build/obj/testdyn.o
                                                  build/obj/testpools.o
                                                  build/obj/chdynamic.o
chPoolAllocI                                      build/obj/chmempools.o
chPoolFree                                        build/obj/chmempools.o
                                                  build/obj/testdyn.o
                                                  build/obj/testpools.o
                                                  build/obj/chdynamic.o
chPoolFreeI                                       build/obj/chmempools.o
chPoolInit                                        build/obj/chmempools.o
                                                  build/obj/testdyn.o
                                                  build/obj/testpools.o
chPoolLoadArray                                   build/obj/chmempools.o
                                                  build/obj/testpools.o
chRegFirstThread                                  build/obj/chregistry.o
                                                  build/obj/testdyn.o
chRegNextThread                                   build/obj/chregistry.o
                                                  build/obj/testdyn.o
chSchDoReschedule                                 build/obj/chschd.o
                                                  build/obj/chcore_v7m.o
chSchDoRescheduleAhead                            build/obj/chschd.o
chSchDoRescheduleBehind                           build/obj/chschd.o
                                                  build/obj/chthreads.o
chSchGoSleepS                                     build/obj/chschd.o
                                                  build/obj/spi.o
                                                  build/obj/adc.o
                                                  build/obj/testbmk.o
                                                  build/obj/chmsg.o
                                                  build/obj/chevents.o
                                                  build/obj/chcond.o
                                                  build/obj/chmtx.o
                                                  build/obj/chsem.o
                                                  build/obj/chthreads.o
chSchGoSleepTimeoutS                              build/obj/chschd.o
                                                  build/obj/chqueues.o
                                                  build/obj/chevents.o
                                                  build/obj/chcond.o
                                                  build/obj/chsem.o
                                                  build/obj/chthreads.o
chSchReadyI                                       build/obj/chschd.o
                                                  build/obj/spi_lld.o
                                                  build/obj/adc_lld.o
                                                  build/obj/adc.o
                                                  build/obj/chqueues.o
                                                  build/obj/chmsg.o
                                                  build/obj/chevents.o
                                                  build/obj/chcond.o
                                                  build/obj/chmtx.o
                                                  build/obj/chsem.o
                                                  build/obj/chthreads.o
chSchRescheduleS                                  build/obj/chschd.o
                                                  build/obj/testmtx.o
                                                  build/obj/testsem.o
                                                  build/obj/chmboxes.o
                                                  build/obj/chevents.o
                                                  build/obj/chcond.o
                                                  build/obj/chmtx.o
                                                  build/obj/chsem.o
                                                  build/obj/chthreads.o
chSchWakeupS                                      build/obj/chschd.o
                                                  build/obj/adc.o
                                                  build/obj/testbmk.o
                                                  build/obj/chmsg.o
                                                  build/obj/chcond.o
                                                  build/obj/chmtx.o
                                                  build/obj/chsem.o
                                                  build/obj/chdynamic.o
                                                  build/obj/chthreads.o
chSemAddCounterI                                  build/obj/chsem.o
                                                  build/obj/testsem.o
chSemInit                                         build/obj/chsem.o
                                                  build/obj/testbmk.o
                                                  build/obj/testsem.o
                                                  build/obj/chmboxes.o
chSemReset                                        build/obj/chsem.o
                                                  build/obj/testbmk.o
                                                  build/obj/testsem.o
chSemResetI                                       build/obj/chsem.o
                                                  build/obj/chmboxes.o
chSemSignal                                       build/obj/chsem.o
                                                  build/obj/testbmk.o
                                                  build/obj/testsem.o
chSemSignalI                                      build/obj/chsem.o
                                                  build/obj/testsem.o
                                                  build/obj/chmboxes.o
chSemSignalWait                                   build/obj/chsem.o
                                                  build/obj/testsem.o
chSemWait                                         build/obj/chsem.o
                                                  build/obj/testbmk.o
                                                  build/obj/testsem.o
chSemWaitS                                        build/obj/chsem.o
chSemWaitTimeout                                  build/obj/chsem.o
                                                  build/obj/testsem.o
chSemWaitTimeoutS                                 build/obj/chsem.o
                                                  build/obj/chmboxes.o
chSysInit                                         build/obj/chsys.o
                                                  build/obj/main.o
chSysTimerHandlerI                                build/obj/chsys.o
                                                  build/obj/chcore_v7m.o
chThdAddRef                                       build/obj/chdynamic.o
                                                  build/obj/testdyn.o
chThdCreateFromHeap                               build/obj/chdynamic.o
                                                  build/obj/testdyn.o
chThdCreateFromMemoryPool                         build/obj/chdynamic.o
                                                  build/obj/testdyn.o
chThdCreateI                                      build/obj/chthreads.o
                                                  build/obj/testthd.o
                                                  build/obj/chdynamic.o
chThdCreateStatic                                 build/obj/chthreads.o
                                                  build/obj/main.o
                                                  build/obj/testbmk.o
                                                  build/obj/testqueues.o
                                                  build/obj/testevt.o
                                                  build/obj/testmsg.o
                                                  build/obj/testmtx.o
                                                  build/obj/testsem.o
                                                  build/obj/testthd.o
                                                  build/obj/chsys.o
chThdExit                                         build/obj/chthreads.o
                                                  build/obj/chcore_v7m.o
chThdExitS                                        build/obj/chthreads.o
chThdRelease                                      build/obj/chdynamic.o
                                                  build/obj/testdyn.o
                                                  build/obj/chregistry.o
                                                  build/obj/chthreads.o
chThdResume                                       build/obj/chthreads.o
                                                  build/obj/testthd.o
chThdSetPriority                                  build/obj/chthreads.o
                                                  build/obj/testthd.o
chThdSleep                                        build/obj/chthreads.o
                                                  build/obj/main.o
                                                  build/obj/testbmk.o
                                                  build/obj/testdyn.o
                                                  build/obj/testevt.o
                                                  build/obj/testmtx.o
                                                  build/obj/testsem.o
                                                  build/obj/testthd.o
                                                  build/obj/test.o
chThdSleepUntil                                   build/obj/chthreads.o
                                                  build/obj/testthd.o
chThdTerminate                                    build/obj/chthreads.o
                                                  build/obj/test.o
chThdWait                                         build/obj/chthreads.o
                                                  build/obj/testbmk.o
                                                  build/obj/test.o
chThdYield                                        build/obj/chthreads.o
                                                  build/obj/testbmk.o
chVTResetI                                        build/obj/chvt.o
                                                  build/obj/evtimer.o
                                                  build/obj/testbmk.o
                                                  build/obj/chschd.o
chVTSetI                                          build/obj/chvt.o
                                                  build/obj/evtimer.o
                                                  build/obj/testbmk.o
                                                  build/obj/test.o
                                                  build/obj/chschd.o
ch_debug                                          build/obj/chregistry.o
                                                  build/obj/chsys.o
digit_bits                                        build/obj/main.o
dmaInit                                           build/obj/stm32_dma.o
                                                  build/obj/hal_lld.o
dmaStreamAllocate                                 build/obj/stm32_dma.o
                                                  build/obj/spi_lld.o
                                                  build/obj/adc_lld.o
dmaStreamRelease                                  build/obj/stm32_dma.o
                                                  build/obj/spi_lld.o
                                                  build/obj/adc_lld.o
evtStart                                          build/obj/evtimer.o
evtStop                                           build/obj/evtimer.o
halInit                                           build/obj/hal.o
                                                  build/obj/main.o
halIsCounterWithin                                build/obj/hal.o
halPolledDelay                                    build/obj/hal.o
hal_lld_init                                      build/obj/hal_lld.o
                                                  build/obj/hal.o
main                                              build/obj/main.o
                                                  build/obj/crt0.o
memset                                            /usr/bin/../lib/gcc/arm-none-eabi/4.9.3/../../../../arm-none-eabi/lib/armv7-m/libg.a(lib_a-memset.o)
                                                  build/obj/syscalls.o
num_digits                                        build/obj/main.o
number_seg_bytes                                  build/obj/main.o
nvicDisableVector                                 build/obj/nvic.o
                                                  build/obj/stm32_dma.o
nvicEnableVector                                  build/obj/nvic.o
                                                  build/obj/stm32_dma.o
nvicSetSystemHandlerPriority                      build/obj/nvic.o
                                                  build/obj/chcore_v7m.o
palReadBus                                        build/obj/pal.o
palSetBusMode                                     build/obj/pal.o
palWriteBus                                       build/obj/pal.o
pal_default_config                                build/obj/board.o
                                                  build/obj/hal.o
patternbmk                                        build/obj/testbmk.o
                                                  build/obj/test.o
patterndyn                                        build/obj/testdyn.o
                                                  build/obj/test.o
patternevt                                        build/obj/testevt.o
                                                  build/obj/test.o
patternheap                                       build/obj/testheap.o
                                                  build/obj/test.o
patternmbox                                       build/obj/testmbox.o
                                                  build/obj/test.o
patternmsg                                        build/obj/testmsg.o
                                                  build/obj/test.o
patternmtx                                        build/obj/testmtx.o
                                                  build/obj/test.o
patternpools                                      build/obj/testpools.o
                                                  build/obj/test.o
patternqueues                                     build/obj/testqueues.o
                                                  build/obj/test.o
patternsem                                        build/obj/testsem.o
                                                  build/obj/test.o
patternthd                                        build/obj/testthd.o
                                                  build/obj/test.o
port_halt                                         build/obj/chcore.o
                                                  build/obj/spi_lld.o
rlist                                             build/obj/chschd.o
                                                  build/obj/main.o
                                                  build/obj/spi.o
                                                  build/obj/adc.o
                                                  build/obj/testbmk.o
                                                  build/obj/testqueues.o
                                                  build/obj/testdyn.o
                                                  build/obj/testevt.o
                                                  build/obj/testmsg.o
                                                  build/obj/testmtx.o
                                                  build/obj/testsem.o
                                                  build/obj/testthd.o
                                                  build/obj/test.o
                                                  build/obj/chqueues.o
                                                  build/obj/chmsg.o
                                                  build/obj/chevents.o
                                                  build/obj/chcond.o
                                                  build/obj/chmtx.o
                                                  build/obj/chsem.o
                                                  build/obj/chregistry.o
                                                  build/obj/chthreads.o
                                                  build/obj/chsys.o
                                                  build/obj/chcore_v7m.o
spiAcquireBus                                     build/obj/spi.o
spiExchange                                       build/obj/spi.o
spiIgnore                                         build/obj/spi.o
spiInit                                           build/obj/spi.o
                                                  build/obj/hal.o
spiObjectInit                                     build/obj/spi.o
                                                  build/obj/spi_lld.o
spiReceive                                        build/obj/spi.o
spiReleaseBus                                     build/obj/spi.o
spiSelect                                         build/obj/spi.o
spiSend                                           build/obj/spi.o
spiStart                                          build/obj/spi.o
                                                  build/obj/main.o
spiStartExchange                                  build/obj/spi.o
spiStartIgnore                                    build/obj/spi.o
spiStartReceive                                   build/obj/spi.o
spiStartSend                                      build/obj/spi.o
spiStop                                           build/obj/spi.o
spiUnselect                                       build/obj/spi.o
spi_lld_exchange                                  build/obj/spi_lld.o
                                                  build/obj/spi.o
spi_lld_ignore                                    build/obj/spi_lld.o
                                                  build/obj/spi.o
spi_lld_init                                      build/obj/spi_lld.o
                                                  build/obj/spi.o
spi_lld_polled_exchange                           build/obj/spi_lld.o
spi_lld_receive                                   build/obj/spi_lld.o
                                                  build/obj/spi.o
spi_lld_select                                    build/obj/spi_lld.o
                                                  build/obj/main.o
                                                  build/obj/spi.o
spi_lld_send                                      build/obj/spi_lld.o
                                                  build/obj/main.o
                                                  build/obj/spi.o
spi_lld_start                                     build/obj/spi_lld.o
                                                  build/obj/spi.o
spi_lld_stop                                      build/obj/spi_lld.o
                                                  build/obj/spi.o
spi_lld_unselect                                  build/obj/spi_lld.o
                                                  build/obj/main.o
                                                  build/obj/spi.o
stm32_clock_init                                  build/obj/hal_lld.o
                                                  build/obj/board.o
test                                              build/obj/test.o
                                                  build/obj/testqueues.o
                                                  build/obj/testdyn.o
                                                  build/obj/testheap.o
                                                  build/obj/testmbox.o
test_cpu_pulse                                    build/obj/test.o
                                                  build/obj/testmtx.o
test_emit_token                                   build/obj/test.o
                                                  build/obj/testqueues.o
                                                  build/obj/testdyn.o
                                                  build/obj/testevt.o
                                                  build/obj/testmbox.o
                                                  build/obj/testmsg.o
                                                  build/obj/testmtx.o
                                                  build/obj/testsem.o
                                                  build/obj/testthd.o
test_print                                        build/obj/test.o
                                                  build/obj/testbmk.o
test_println                                      build/obj/test.o
                                                  build/obj/testbmk.o
test_printn                                       build/obj/test.o
                                                  build/obj/testbmk.o
test_start_timer                                  build/obj/test.o
                                                  build/obj/testbmk.o
test_terminate_threads                            build/obj/test.o
                                                  build/obj/testbmk.o
test_timer_done                                   build/obj/test.o
                                                  build/obj/testbmk.o
test_wait_threads                                 build/obj/test.o
                                                  build/obj/testbmk.o
                                                  build/obj/testqueues.o
                                                  build/obj/testdyn.o
                                                  build/obj/testevt.o
                                                  build/obj/testmtx.o
                                                  build/obj/testsem.o
                                                  build/obj/testthd.o
test_wait_tick                                    build/obj/test.o
                                                  build/obj/testbmk.o
                                                  build/obj/testevt.o
                                                  build/obj/testmtx.o
                                                  build/obj/testsem.o
                                                  build/obj/testthd.o
testbmk1                                          build/obj/testbmk.o
testbmk10                                         build/obj/testbmk.o
testbmk11                                         build/obj/testbmk.o
testbmk12                                         build/obj/testbmk.o
testbmk13                                         build/obj/testbmk.o
testbmk2                                          build/obj/testbmk.o
testbmk3                                          build/obj/testbmk.o
testbmk4                                          build/obj/testbmk.o
testbmk5                                          build/obj/testbmk.o
testbmk6                                          build/obj/testbmk.o
testbmk7                                          build/obj/testbmk.o
testbmk8                                          build/obj/testbmk.o
testbmk9                                          build/obj/testbmk.o
testdyn1                                          build/obj/testdyn.o
testdyn2                                          build/obj/testdyn.o
testdyn3                                          build/obj/testdyn.o
testevt1                                          build/obj/testevt.o
testevt2                                          build/obj/testevt.o
testevt3                                          build/obj/testevt.o
testheap1                                         build/obj/testheap.o
testmbox1                                         build/obj/testmbox.o
testmsg1                                          build/obj/testmsg.o
testmtx1                                          build/obj/testmtx.o
testmtx2                                          build/obj/testmtx.o
testmtx3                                          build/obj/testmtx.o
testmtx4                                          build/obj/testmtx.o
testmtx5                                          build/obj/testmtx.o
testmtx6                                          build/obj/testmtx.o
testmtx7                                          build/obj/testmtx.o
testmtx8                                          build/obj/testmtx.o
testpools1                                        build/obj/testpools.o
testqueues1                                       build/obj/testqueues.o
testqueues2                                       build/obj/testqueues.o
testsem1                                          build/obj/testsem.o
testsem2                                          build/obj/testsem.o
testsem3                                          build/obj/testsem.o
testsem4                                          build/obj/testsem.o
testthd1                                          build/obj/testthd.o
testthd2                                          build/obj/testthd.o
testthd3                                          build/obj/testthd.o
testthd4                                          build/obj/testthd.o
thread4                                           build/obj/testbmk.o
threads                                           build/obj/test.o
                                                  build/obj/testbmk.o
                                                  build/obj/testqueues.o
                                                  build/obj/testdyn.o
                                                  build/obj/testevt.o
                                                  build/obj/testmsg.o
                                                  build/obj/testmtx.o
                                                  build/obj/testsem.o
                                                  build/obj/testthd.o
vtlist                                            build/obj/chvt.o
                                                  build/obj/testevt.o
                                                  build/obj/testmtx.o
                                                  build/obj/testsem.o
                                                  build/obj/testthd.o
                                                  build/obj/test.o
                                                  build/obj/chthreads.o
                                                  build/obj/chsys.o
wa                                                build/obj/test.o
                                                  build/obj/testbmk.o
                                                  build/obj/testqueues.o
                                                  build/obj/testdyn.o
                                                  build/obj/testpools.o
                                                  build/obj/testevt.o
                                                  build/obj/testmsg.o
                                                  build/obj/testmtx.o
                                                  build/obj/testsem.o
                                                  build/obj/testthd.o
write_digit                                       build/obj/main.o
